[    0.000000] Booting Linux on physical CPU 0x0
[    0.000000] Linux version 4.14.71+ (dours@ubuntu) (gcc version 8.2.0 (crosstool-NG 1.23.0.501-7c4c)) #11 PREEMPT Wed Nov 7 23:16:09 MSK 2018
[    0.000000] CPU: ARM926EJ-S [41069265] revision 5 (ARMv5TEJ), cr=0005317f
[    0.000000] CPU: VIVT data cache, VIVT instruction cache
[    0.000000] OF: fdt: Machine model: TRIKBOARD
[    0.000000] Memory policy: Data cache writeback
[    0.000000] DaVinci da850/omap-l138/am18x variant 0x1
[    0.000000] On node 0 totalpages: 49152
[    0.000000] free_area_init_node: node 0, pgdat c0718fd4, node_mem_map cfc82000
[    0.000000]   DMA zone: 512 pages used for memmap
[    0.000000]   DMA zone: 0 pages reserved
[    0.000000]   DMA zone: 49152 pages, LIFO batch:15
[    0.000000] pcpu-alloc: s0 r0 d32768 u32768 alloc=1*32768
[    0.000000] pcpu-alloc: [0] 0 
[    0.000000] Built 1 zonelists, mobility grouping on.  Total pages: 48640
[    0.000000] Kernel command line: console=ttyS1,115200n8 mem=128M@0xC0000000 mem=64M@0xCC000000 noinitrd vt.global_cursor_default=0 consoleblank=0 root=PARTUUID=461f71e6-01 ro rootfstype=ext4 rootwait
[    0.000000] PID hash table entries: 1024 (order: 0, 4096 bytes)
[    0.000000] Dentry cache hash table entries: 32768 (order: 5, 131072 bytes)
[    0.000000] Inode-cache hash table entries: 16384 (order: 4, 65536 bytes)
[    0.000000] Memory: 187140K/196608K available (5293K kernel code, 278K rwdata, 1272K rodata, 244K init, 337K bss, 9468K reserved, 0K cma-reserved)
[    0.000000] Virtual kernel memory layout:
[    0.000000]     vector  : 0xffff0000 - 0xffff1000   (   4 kB)
[    0.000000]     fixmap  : 0xffc00000 - 0xfff00000   (3072 kB)
[    0.000000]     vmalloc : 0xd0800000 - 0xff800000   ( 752 MB)
[    0.000000]     lowmem  : 0xc0000000 - 0xd0000000   ( 256 MB)
[    0.000000]     modules : 0xbf000000 - 0xc0000000   (  16 MB)
[    0.000000]       .text : 0xc0008000 - 0xc0533a88   (5295 kB)
[    0.000000]       .init : 0xc0697000 - 0xc06d4000   ( 244 kB)
[    0.000000]       .data : 0xc06d4000 - 0xc0719ac0   ( 279 kB)
[    0.000000]        .bss : 0xc071e9d4 - 0xc0772e9c   ( 338 kB)
[    0.000000] SLUB: HWalign=32, Order=0-3, MinObjects=0, CPUs=1, Nodes=1
[    0.000000] Preemptible hierarchical RCU implementation.
[    0.000000] 	Tasks RCU enabled.
[    0.000000] NR_IRQS: 245
[    0.000000] clocksource: timer0_1: mask: 0xffffffff max_cycles: 0xffffffff, max_idle_ns: 79635851949 ns
[    0.000000] sched_clock: 32 bits at 24MHz, resolution 41ns, wraps every 89478484971ns
[    0.000444] Console: colour dummy device 80x30
[    0.000582] Calibrating delay loop... 148.88 BogoMIPS (lpj=744448)
[    0.070136] pid_max: default: 32768 minimum: 301
[    0.070670] Mount-cache hash table entries: 1024 (order: 0, 4096 bytes)
[    0.070746] Mountpoint-cache hash table entries: 1024 (order: 0, 4096 bytes)
[    0.072452] CPU: Testing write buffer coherency: ok
[    0.075289] Setting up static identity map for 0xc0008400 - 0xc0008458
[    0.075953] Hierarchical SRCU implementation.
[    0.080219] devtmpfs: initialized
[    0.095451] random: get_random_u32 called from bucket_table_alloc+0x80/0x1a8 with crng_init=0
[    0.097685] clocksource: jiffies: mask: 0xffffffff max_cycles: 0xffffffff, max_idle_ns: 19112604462750000 ns
[    0.097783] futex hash table entries: 256 (order: -1, 3072 bytes)
[    0.098138] pinctrl core: initialized pinctrl subsystem
[    0.099696] reg-dummy reg-dummy: no of_node; not parsing pinctrl DT
[    0.101994] NET: Registered protocol family 16
[    0.103934] DMA: preallocated 256 KiB pool for atomic coherent allocations
[    0.116524] cpuidle: using governor ladder
[    0.116746] cpuidle: using governor menu
[    0.337985] edma 1c00000.edma: memcpy is disabled
[    0.378780] edma 1c00000.edma: TI EDMA DMA engine driver
[    0.381567] edma 1e30000.edma: memcpy is disabled
[    0.421425] edma 1e30000.edma: TI EDMA DMA engine driver
[    0.432462] reg-fixed-voltage fixedregulator-wifi_wl_en: could not find pctldev for node /soc@1c00000/pinmux@14120/pinmux_wifi_wl_en, deferring probe
[    0.438252] SCSI subsystem initialized
[    0.440978] usbcore: registered new interface driver usbfs
[    0.442769] usbcore: registered new interface driver hub
[    0.444334] usbcore: registered new device driver usb
[    0.447978] i2c_davinci i2c_davinci.1: could not find pctldev for node /soc@1c00000/pinmux@14120/pinmux_i2c0_pins, deferring probe
[    0.448219] i2c_davinci i2c_davinci.2: could not find pctldev for node /soc@1c00000/pinmux@14120/pinmux_i2c1_pins, deferring probe
[    0.451486] Linux video capture interface: v2.00
[    0.462297] Advanced Linux Sound Architecture Driver Initialized.
[    0.466643] Bluetooth: Core ver 2.22
[    0.467301] NET: Registered protocol family 31
[    0.467364] Bluetooth: HCI device and connection manager initialized
[    0.467448] Bluetooth: HCI socket layer initialized
[    0.467515] Bluetooth: L2CAP socket layer initialized
[    0.467712] Bluetooth: SCO socket layer initialized
[    0.476884] clocksource: Switched to clocksource timer0_1
[    0.598688] NET: Registered protocol family 2
[    0.601930] TCP established hash table entries: 2048 (order: 1, 8192 bytes)
[    0.602088] TCP bind hash table entries: 2048 (order: 1, 8192 bytes)
[    0.602207] TCP: Hash tables configured (established 2048 bind 2048)
[    0.602617] UDP hash table entries: 256 (order: 0, 4096 bytes)
[    0.602714] UDP-Lite hash table entries: 256 (order: 0, 4096 bytes)
[    0.603487] NET: Registered protocol family 1
[    0.610845] alarmtimer alarmtimer: no of_node; not parsing pinctrl DT
[    0.615756] workingset: timestamp_bits=30 max_order=16 bucket_order=0
[    0.709848] squashfs: version 4.0 (2009/01/31) Phillip Lougher
[    0.712107] fuse init (API version 7.26)
[    0.742975] Block layer SCSI generic (bsg) driver version 0.4 loaded (major 250)
[    0.743050] io scheduler noop registered (default)
[    0.743090] io scheduler mq-deadline registered
[    0.743119] io scheduler kyber registered
[    0.746697] pinctrl-single 1c14120.pinmux: allocating 160 pins
[    0.746802] pinctrl-single 1c14120.pinmux: try to register 160 pins ...
[    0.746844] pinctrl core: registered pin 0 (PIN0) on pinctrl-single
[    0.751749] pinctrl core: registered pin 1 (PIN1) on pinctrl-single
[    0.751787] pinctrl core: registered pin 2 (PIN2) on pinctrl-single
[    0.751815] pinctrl core: registered pin 3 (PIN3) on pinctrl-single
[    0.751839] pinctrl core: registered pin 4 (PIN4) on pinctrl-single
[    0.751863] pinctrl core: registered pin 5 (PIN5) on pinctrl-single
[    0.751897] pinctrl core: registered pin 6 (PIN6) on pinctrl-single
[    0.751928] pinctrl core: registered pin 7 (PIN7) on pinctrl-single
[    0.751957] pinctrl core: registered pin 8 (PIN8) on pinctrl-single
[    0.751986] pinctrl core: registered pin 9 (PIN9) on pinctrl-single
[    0.752017] pinctrl core: registered pin 10 (PIN10) on pinctrl-single
[    0.752042] pinctrl core: registered pin 11 (PIN11) on pinctrl-single
[    0.752067] pinctrl core: registered pin 12 (PIN12) on pinctrl-single
[    0.752092] pinctrl core: registered pin 13 (PIN13) on pinctrl-single
[    0.752122] pinctrl core: registered pin 14 (PIN14) on pinctrl-single
[    0.752147] pinctrl core: registered pin 15 (PIN15) on pinctrl-single
[    0.752217] pinctrl core: registered pin 16 (PIN16) on pinctrl-single
[    0.752248] pinctrl core: registered pin 17 (PIN17) on pinctrl-single
[    0.752274] pinctrl core: registered pin 18 (PIN18) on pinctrl-single
[    0.752299] pinctrl core: registered pin 19 (PIN19) on pinctrl-single
[    0.752325] pinctrl core: registered pin 20 (PIN20) on pinctrl-single
[    0.752351] pinctrl core: registered pin 21 (PIN21) on pinctrl-single
[    0.752376] pinctrl core: registered pin 22 (PIN22) on pinctrl-single
[    0.752402] pinctrl core: registered pin 23 (PIN23) on pinctrl-single
[    0.752426] pinctrl core: registered pin 24 (PIN24) on pinctrl-single
[    0.752450] pinctrl core: registered pin 25 (PIN25) on pinctrl-single
[    0.752475] pinctrl core: registered pin 26 (PIN26) on pinctrl-single
[    0.752500] pinctrl core: registered pin 27 (PIN27) on pinctrl-single
[    0.752525] pinctrl core: registered pin 28 (PIN28) on pinctrl-single
[    0.752549] pinctrl core: registered pin 29 (PIN29) on pinctrl-single
[    0.752574] pinctrl core: registered pin 30 (PIN30) on pinctrl-single
[    0.752599] pinctrl core: registered pin 31 (PIN31) on pinctrl-single
[    0.752623] pinctrl core: registered pin 32 (PIN32) on pinctrl-single
[    0.752648] pinctrl core: registered pin 33 (PIN33) on pinctrl-single
[    0.752672] pinctrl core: registered pin 34 (PIN34) on pinctrl-single
[    0.752696] pinctrl core: registered pin 35 (PIN35) on pinctrl-single
[    0.752721] pinctrl core: registered pin 36 (PIN36) on pinctrl-single
[    0.752746] pinctrl core: registered pin 37 (PIN37) on pinctrl-single
[    0.752771] pinctrl core: registered pin 38 (PIN38) on pinctrl-single
[    0.752796] pinctrl core: registered pin 39 (PIN39) on pinctrl-single
[    0.752820] pinctrl core: registered pin 40 (PIN40) on pinctrl-single
[    0.752845] pinctrl core: registered pin 41 (PIN41) on pinctrl-single
[    0.752870] pinctrl core: registered pin 42 (PIN42) on pinctrl-single
[    0.752895] pinctrl core: registered pin 43 (PIN43) on pinctrl-single
[    0.752919] pinctrl core: registered pin 44 (PIN44) on pinctrl-single
[    0.752944] pinctrl core: registered pin 45 (PIN45) on pinctrl-single
[    0.752969] pinctrl core: registered pin 46 (PIN46) on pinctrl-single
[    0.752994] pinctrl core: registered pin 47 (PIN47) on pinctrl-single
[    0.753018] pinctrl core: registered pin 48 (PIN48) on pinctrl-single
[    0.753043] pinctrl core: registered pin 49 (PIN49) on pinctrl-single
[    0.753068] pinctrl core: registered pin 50 (PIN50) on pinctrl-single
[    0.753093] pinctrl core: registered pin 51 (PIN51) on pinctrl-single
[    0.753118] pinctrl core: registered pin 52 (PIN52) on pinctrl-single
[    0.753142] pinctrl core: registered pin 53 (PIN53) on pinctrl-single
[    0.753167] pinctrl core: registered pin 54 (PIN54) on pinctrl-single
[    0.753191] pinctrl core: registered pin 55 (PIN55) on pinctrl-single
[    0.753216] pinctrl core: registered pin 56 (PIN56) on pinctrl-single
[    0.753241] pinctrl core: registered pin 57 (PIN57) on pinctrl-single
[    0.753265] pinctrl core: registered pin 58 (PIN58) on pinctrl-single
[    0.753290] pinctrl core: registered pin 59 (PIN59) on pinctrl-single
[    0.753315] pinctrl core: registered pin 60 (PIN60) on pinctrl-single
[    0.753340] pinctrl core: registered pin 61 (PIN61) on pinctrl-single
[    0.753365] pinctrl core: registered pin 62 (PIN62) on pinctrl-single
[    0.753390] pinctrl core: registered pin 63 (PIN63) on pinctrl-single
[    0.753424] pinctrl core: registered pin 64 (PIN64) on pinctrl-single
[    0.753451] pinctrl core: registered pin 65 (PIN65) on pinctrl-single
[    0.753477] pinctrl core: registered pin 66 (PIN66) on pinctrl-single
[    0.753501] pinctrl core: registered pin 67 (PIN67) on pinctrl-single
[    0.753527] pinctrl core: registered pin 68 (PIN68) on pinctrl-single
[    0.753551] pinctrl core: registered pin 69 (PIN69) on pinctrl-single
[    0.753576] pinctrl core: registered pin 70 (PIN70) on pinctrl-single
[    0.753601] pinctrl core: registered pin 71 (PIN71) on pinctrl-single
[    0.753625] pinctrl core: registered pin 72 (PIN72) on pinctrl-single
[    0.753651] pinctrl core: registered pin 73 (PIN73) on pinctrl-single
[    0.753675] pinctrl core: registered pin 74 (PIN74) on pinctrl-single
[    0.753700] pinctrl core: registered pin 75 (PIN75) on pinctrl-single
[    0.753725] pinctrl core: registered pin 76 (PIN76) on pinctrl-single
[    0.753750] pinctrl core: registered pin 77 (PIN77) on pinctrl-single
[    0.753774] pinctrl core: registered pin 78 (PIN78) on pinctrl-single
[    0.753799] pinctrl core: registered pin 79 (PIN79) on pinctrl-single
[    0.753858] pinctrl core: registered pin 80 (PIN80) on pinctrl-single
[    0.753888] pinctrl core: registered pin 81 (PIN81) on pinctrl-single
[    0.753914] pinctrl core: registered pin 82 (PIN82) on pinctrl-single
[    0.753938] pinctrl core: registered pin 83 (PIN83) on pinctrl-single
[    0.753964] pinctrl core: registered pin 84 (PIN84) on pinctrl-single
[    0.753988] pinctrl core: registered pin 85 (PIN85) on pinctrl-single
[    0.754013] pinctrl core: registered pin 86 (PIN86) on pinctrl-single
[    0.754039] pinctrl core: registered pin 87 (PIN87) on pinctrl-single
[    0.754063] pinctrl core: registered pin 88 (PIN88) on pinctrl-single
[    0.754088] pinctrl core: registered pin 89 (PIN89) on pinctrl-single
[    0.754113] pinctrl core: registered pin 90 (PIN90) on pinctrl-single
[    0.754138] pinctrl core: registered pin 91 (PIN91) on pinctrl-single
[    0.754163] pinctrl core: registered pin 92 (PIN92) on pinctrl-single
[    0.754187] pinctrl core: registered pin 93 (PIN93) on pinctrl-single
[    0.754212] pinctrl core: registered pin 94 (PIN94) on pinctrl-single
[    0.754237] pinctrl core: registered pin 95 (PIN95) on pinctrl-single
[    0.754262] pinctrl core: registered pin 96 (PIN96) on pinctrl-single
[    0.754287] pinctrl core: registered pin 97 (PIN97) on pinctrl-single
[    0.754311] pinctrl core: registered pin 98 (PIN98) on pinctrl-single
[    0.754336] pinctrl core: registered pin 99 (PIN99) on pinctrl-single
[    0.754362] pinctrl core: registered pin 100 (PIN100) on pinctrl-single
[    0.754388] pinctrl core: registered pin 101 (PIN101) on pinctrl-single
[    0.754414] pinctrl core: registered pin 102 (PIN102) on pinctrl-single
[    0.754439] pinctrl core: registered pin 103 (PIN103) on pinctrl-single
[    0.754464] pinctrl core: registered pin 104 (PIN104) on pinctrl-single
[    0.754489] pinctrl core: registered pin 105 (PIN105) on pinctrl-single
[    0.754514] pinctrl core: registered pin 106 (PIN106) on pinctrl-single
[    0.754539] pinctrl core: registered pin 107 (PIN107) on pinctrl-single
[    0.754564] pinctrl core: registered pin 108 (PIN108) on pinctrl-single
[    0.754589] pinctrl core: registered pin 109 (PIN109) on pinctrl-single
[    0.754615] pinctrl core: registered pin 110 (PIN110) on pinctrl-single
[    0.754639] pinctrl core: registered pin 111 (PIN111) on pinctrl-single
[    0.754664] pinctrl core: registered pin 112 (PIN112) on pinctrl-single
[    0.754690] pinctrl core: registered pin 113 (PIN113) on pinctrl-single
[    0.754716] pinctrl core: registered pin 114 (PIN114) on pinctrl-single
[    0.754741] pinctrl core: registered pin 115 (PIN115) on pinctrl-single
[    0.754766] pinctrl core: registered pin 116 (PIN116) on pinctrl-single
[    0.754790] pinctrl core: registered pin 117 (PIN117) on pinctrl-single
[    0.754816] pinctrl core: registered pin 118 (PIN118) on pinctrl-single
[    0.754841] pinctrl core: registered pin 119 (PIN119) on pinctrl-single
[    0.754867] pinctrl core: registered pin 120 (PIN120) on pinctrl-single
[    0.754893] pinctrl core: registered pin 121 (PIN121) on pinctrl-single
[    0.754918] pinctrl core: registered pin 122 (PIN122) on pinctrl-single
[    0.754943] pinctrl core: registered pin 123 (PIN123) on pinctrl-single
[    0.754968] pinctrl core: registered pin 124 (PIN124) on pinctrl-single
[    0.754993] pinctrl core: registered pin 125 (PIN125) on pinctrl-single
[    0.755018] pinctrl core: registered pin 126 (PIN126) on pinctrl-single
[    0.755042] pinctrl core: registered pin 127 (PIN127) on pinctrl-single
[    0.755069] pinctrl core: registered pin 128 (PIN128) on pinctrl-single
[    0.755095] pinctrl core: registered pin 129 (PIN129) on pinctrl-single
[    0.755120] pinctrl core: registered pin 130 (PIN130) on pinctrl-single
[    0.755146] pinctrl core: registered pin 131 (PIN131) on pinctrl-single
[    0.755173] pinctrl core: registered pin 132 (PIN132) on pinctrl-single
[    0.755198] pinctrl core: registered pin 133 (PIN133) on pinctrl-single
[    0.755224] pinctrl core: registered pin 134 (PIN134) on pinctrl-single
[    0.755249] pinctrl core: registered pin 135 (PIN135) on pinctrl-single
[    0.755275] pinctrl core: registered pin 136 (PIN136) on pinctrl-single
[    0.755300] pinctrl core: registered pin 137 (PIN137) on pinctrl-single
[    0.755325] pinctrl core: registered pin 138 (PIN138) on pinctrl-single
[    0.755350] pinctrl core: registered pin 139 (PIN139) on pinctrl-single
[    0.755375] pinctrl core: registered pin 140 (PIN140) on pinctrl-single
[    0.755400] pinctrl core: registered pin 141 (PIN141) on pinctrl-single
[    0.755426] pinctrl core: registered pin 142 (PIN142) on pinctrl-single
[    0.755450] pinctrl core: registered pin 143 (PIN143) on pinctrl-single
[    0.755508] pinctrl core: registered pin 144 (PIN144) on pinctrl-single
[    0.755541] pinctrl core: registered pin 145 (PIN145) on pinctrl-single
[    0.755568] pinctrl core: registered pin 146 (PIN146) on pinctrl-single
[    0.755593] pinctrl core: registered pin 147 (PIN147) on pinctrl-single
[    0.755618] pinctrl core: registered pin 148 (PIN148) on pinctrl-single
[    0.755644] pinctrl core: registered pin 149 (PIN149) on pinctrl-single
[    0.755669] pinctrl core: registered pin 150 (PIN150) on pinctrl-single
[    0.755694] pinctrl core: registered pin 151 (PIN151) on pinctrl-single
[    0.755719] pinctrl core: registered pin 152 (PIN152) on pinctrl-single
[    0.755744] pinctrl core: registered pin 153 (PIN153) on pinctrl-single
[    0.755769] pinctrl core: registered pin 154 (PIN154) on pinctrl-single
[    0.755794] pinctrl core: registered pin 155 (PIN155) on pinctrl-single
[    0.755819] pinctrl core: registered pin 156 (PIN156) on pinctrl-single
[    0.755845] pinctrl core: registered pin 157 (PIN157) on pinctrl-single
[    0.755870] pinctrl core: registered pin 158 (PIN158) on pinctrl-single
[    0.755895] pinctrl core: registered pin 159 (PIN159) on pinctrl-single
[    0.756006] pinctrl-single 1c14120.pinmux: 160 pins at pa fec14120 size 80
[    0.756086] pinctrl-single 1c14120.pinmux: no hogs found
[    0.759563] da8xx_lcdc_ili9340 lcd: da8xx_ili9340_probe: called, pdevice lcd.-1 (cf937400), dev lcd (cf937410)
[    0.759646] da8xx_lcdc_ili9340 lcd: da8xx_ili9340_fb_init: called
[    0.761788] da8xx_lcdc_ili9340 lcd: da8xx_ili9340_fb_init: done
[    0.761832] da8xx_lcdc_ili9340 lcd: da8xx_ili9340_lcdc_init: called
[    0.761862] da8xx_lcdc_ili9340 lcd: da8xx_ili9340_lcdc_init: no memory resource specified
[    0.761933] da8xx_lcdc_ili9340 lcd: da8xx_ili9340_probe: cannot initialize da8xx LCD controller: -6
[    0.761975] da8xx_lcdc_ili9340 lcd: da8xx_ili9340_fb_shutdown: called
[    0.762319] da8xx_lcdc_ili9340 lcd: da8xx_ili9340_fb_shutdown: done
[    0.764272] da8xx_ili9340_init_module: registered platform driver da8xx_lcdc_ili9340
[    0.766295] Serial: 8250/16550 driver, 3 ports, IRQ sharing disabled
[    0.773786] serial8250 serial8250: no of_node; not parsing pinctrl DT
[    0.779283] serial8250.0: ttyS0 at MMIO 0x1c42000 (irq = 25, base_baud = 9375000) is a TI DA8xx/66AK2x
[    0.784300] serial8250.1: ttyS1 at MMIO 0x1d0c000 (irq = 53, base_baud = 8250000) is a TI DA8xx/66AK2x
[    1.330887] console [ttyS1] enabled
[    1.338996] serial8250.2: ttyS2 at MMIO 0x1d0d000 (irq = 61, base_baud = 8250000) is a TI DA8xx/66AK2x
[    1.357991] brd: module loaded
[    1.368934] pinctrl-single 1c14120.pinmux: pinmux_spi0_pins index: 0xc value: 0x1101 mask: 0xff0f
[    1.369002] pinctrl core: add 1 pinctrl maps
[    1.369098] pinctrl-single 1c14120.pinmux: pinmux_spi0_cs0 index: 0x10 value: 0x10 mask: 0xf0
[    1.369148] pinctrl core: add 1 pinctrl maps
[    1.369238] pinctrl-single 1c14120.pinmux: pinmux_spi0_cs1 index: 0x10 value: 0x1 mask: 0xf0
[    1.369275] pinctrl core: add 1 pinctrl maps
[    1.369354] pinctrl-single 1c14120.pinmux: found group selector 0 for pinmux_spi0_pins
[    1.369405] pinctrl-single 1c14120.pinmux: found group selector 1 for pinmux_spi0_cs0
[    1.369448] pinctrl-single 1c14120.pinmux: found group selector 2 for pinmux_spi0_cs1
[    1.369501] pinctrl-single 1c14120.pinmux: request pin 24 (PIN24) for spi_davinci.0
[    1.369538] pinctrl-single 1c14120.pinmux: request pin 26 (PIN26) for spi_davinci.0
[    1.369569] pinctrl-single 1c14120.pinmux: request pin 27 (PIN27) for spi_davinci.0
[    1.369600] pinctrl-single 1c14120.pinmux: enabling (null) function0
[    1.369640] pinctrl-single 1c14120.pinmux: request pin 33 (PIN33) for spi_davinci.0
[    1.369669] pinctrl-single 1c14120.pinmux: enabling (null) function1
[    1.369701] pinctrl-single 1c14120.pinmux: request pin 33 (PIN33) for spi_davinci.0
[    1.369731] pinctrl-single 1c14120.pinmux: enabling (null) function2
[    1.375081] spi_davinci spi_davinci.0: registered master spi0
[    1.375651] spi spi0.0: setup mode 0, 8 bits/w, 30000000 Hz max --> 0
[    1.376824] spi_davinci spi_davinci.0: registered child spi0.0
[    1.377665] spi_davinci spi_davinci.0: Controller at 0xfec41000
[    1.385479] pinctrl-single 1c14120.pinmux: pinmux_spi1_pins index: 0x14 value: 0x110100 mask: 0xff0f00
[    1.385546] pinctrl core: add 1 pinctrl maps
[    1.385651] pinctrl-single 1c14120.pinmux: pinmux_spi1_cs1 index: 0x24 value: 0x8000000 mask: 0xf000000
[    1.385690] pinctrl core: add 1 pinctrl maps
[    1.385784] pinctrl-single 1c14120.pinmux: found group selector 3 for pinmux_spi1_pins
[    1.385843] pinctrl-single 1c14120.pinmux: found group selector 4 for pinmux_spi1_cs1
[    1.385894] pinctrl-single 1c14120.pinmux: request pin 42 (PIN42) for spi_davinci.1
[    1.385929] pinctrl-single 1c14120.pinmux: request pin 44 (PIN44) for spi_davinci.1
[    1.385962] pinctrl-single 1c14120.pinmux: request pin 45 (PIN45) for spi_davinci.1
[    1.385995] pinctrl-single 1c14120.pinmux: enabling (null) function3
[    1.386037] pinctrl-single 1c14120.pinmux: request pin 78 (PIN78) for spi_davinci.1
[    1.386065] pinctrl-single 1c14120.pinmux: enabling (null) function4
[    1.389433] spi_davinci spi_davinci.1: registered master spi1
[    1.390006] spi spi1.0: setup mode 0, 8 bits/w, 10000000 Hz max --> 0
[    1.391162] spi_davinci spi_davinci.1: registered child spi1.0
[    1.391225] spi_davinci spi_davinci.1: Controller at 0xfef0e000
[    1.401596] ohci_hcd: USB 1.1 'Open' Host Controller (OHCI) Driver
[    1.409610] ohci-da8xx: DA8XX
[    1.413393] ohci-da8xx ohci-da8xx: USB Host Controller
[    1.420362] ohci-da8xx ohci-da8xx: new USB bus registered, assigned bus number 1
[    1.429786] ohci-da8xx ohci-da8xx: irq 59, io mem 0x01e25000
[    1.505041] hub 1-0:1.0: no of_node; not parsing pinctrl DT
[    1.505226] hub 1-0:1.0: USB hub found
[    1.510260] hub 1-0:1.0: 1 port detected
[    1.522595] usb_phy_generic usb_phy_generic.0.auto: no of_node; not parsing pinctrl DT
[    1.522839] usb_phy_generic usb_phy_generic.0.auto: usb_phy_generic.0.auto supply vcc not found, using dummy regulator
[    1.549880] musb-hdrc musb-hdrc.1.auto: no of_node; not parsing pinctrl DT
[    1.579120] musb-hdrc musb-hdrc.1.auto: MUSB HDRC host driver
[    1.586263] musb-hdrc musb-hdrc.1.auto: new USB bus registered, assigned bus number 2
[    1.599256] hub 2-0:1.0: no of_node; not parsing pinctrl DT
[    1.599439] hub 2-0:1.0: USB hub found
[    1.604161] hub 2-0:1.0: 1 port detected
[    1.618225] mousedev: PS/2 mouse device common for all mice
[    1.626400] omap_rtc 1c23000.rtc: already running
[    1.632250] omap_rtc 1c23000.rtc: try to register 4 pins ...
[    1.632303] pinctrl core: registered pin 0 (ext_wakeup0) on 1c23000.rtc
[    1.632337] pinctrl core: registered pin 1 (ext_wakeup1) on 1c23000.rtc
[    1.632360] pinctrl core: registered pin 2 (ext_wakeup2) on 1c23000.rtc
[    1.632379] pinctrl core: registered pin 3 (ext_wakeup3) on 1c23000.rtc
[    1.632435] omap_rtc 1c23000.rtc: no hogs found
[    1.634702] omap_rtc 1c23000.rtc: registered as rtc0
[    1.642319] i2c /dev entries driver
[    1.648494] IR NEC protocol handler initialized
[    1.653113] IR RC5(x/sz) protocol handler initialized
[    1.658977] IR RC6 protocol handler initialized
[    1.663638] IR JVC protocol handler initialized
[    1.668877] IR Sony protocol handler initialized
[    1.673578] IR SANYO protocol handler initialized
[    1.678698] IR Sharp protocol handler initialized
[    1.683484] IR MCE Keyboard/mouse protocol handler initialized
[    1.689808] IR XMP protocol handler initialized
[    1.695545] davinci-wdt davinci-wdt: heartbeat 60 sec
[    1.704676] Bluetooth: HCI UART driver ver 2.3
[    1.710828] Bluetooth: HCI UART protocol H4 registered
[    1.716047] Bluetooth: HCI UART protocol BCSP registered
[    1.722327] Bluetooth: HCI UART protocol ATH3K registered
[    1.730747] pinctrl-single 1c14120.pinmux: pinmux_mmc_pins index: 0x28 value: 0x222222 mask: 0xffffff
[    1.730819] pinctrl core: add 1 pinctrl maps
[    1.730925] pinctrl-single 1c14120.pinmux: pinmux_mmc0_cd index: 0x28 value: 0x8000000 mask: 0xf000000
[    1.730964] pinctrl core: add 1 pinctrl maps
[    1.731066] pinctrl-single 1c14120.pinmux: found group selector 5 for pinmux_mmc_pins
[    1.731119] pinctrl-single 1c14120.pinmux: found group selector 6 for pinmux_mmc0_cd
[    1.731175] pinctrl-single 1c14120.pinmux: request pin 80 (PIN80) for da830-mmc.0
[    1.731215] pinctrl-single 1c14120.pinmux: request pin 81 (PIN81) for da830-mmc.0
[    1.731247] pinctrl-single 1c14120.pinmux: request pin 82 (PIN82) for da830-mmc.0
[    1.731278] pinctrl-single 1c14120.pinmux: request pin 83 (PIN83) for da830-mmc.0
[    1.731308] pinctrl-single 1c14120.pinmux: request pin 84 (PIN84) for da830-mmc.0
[    1.731337] pinctrl-single 1c14120.pinmux: request pin 85 (PIN85) for da830-mmc.0
[    1.731368] pinctrl-single 1c14120.pinmux: enabling (null) function5
[    1.731409] pinctrl-single 1c14120.pinmux: request pin 86 (PIN86) for da830-mmc.0
[    1.731437] pinctrl-single 1c14120.pinmux: enabling (null) function6
[    1.731946] davinci_mmc da830-mmc.0: Got CD GPIO
[    1.797788] davinci_mmc da830-mmc.0: Using DMA, 4-bit mode
[    1.804564] pinctrl-single 1c14120.pinmux: pinmux_mmc1_pins index: 0x34 value: 0x8000000 mask: 0xf000000
[    1.804631] pinctrl-single 1c14120.pinmux: pinmux_mmc1_pins index: 0x48 value: 0x22200 mask: 0xfff00
[    1.804678] pinctrl-single 1c14120.pinmux: pinmux_mmc1_pins index: 0x4c value: 0x22200 mask: 0xfff00
[    1.804931] pinctrl core: add 1 pinctrl maps
[    1.805063] pinctrl-single 1c14120.pinmux: found group selector 7 for pinmux_mmc1_pins
[    1.805126] pinctrl-single 1c14120.pinmux: request pin 110 (PIN110) for da830-mmc.1
[    1.805163] pinctrl-single 1c14120.pinmux: request pin 146 (PIN146) for da830-mmc.1
[    1.805195] pinctrl-single 1c14120.pinmux: request pin 147 (PIN147) for da830-mmc.1
[    1.805225] pinctrl-single 1c14120.pinmux: request pin 148 (PIN148) for da830-mmc.1
[    1.805254] pinctrl-single 1c14120.pinmux: request pin 154 (PIN154) for da830-mmc.1
[    1.805284] pinctrl-single 1c14120.pinmux: request pin 155 (PIN155) for da830-mmc.1
[    1.805314] pinctrl-single 1c14120.pinmux: request pin 156 (PIN156) for da830-mmc.1
[    1.805346] pinctrl-single 1c14120.pinmux: enabling (null) function7
[    1.818803] usbcore: registered new interface driver usbhid
[    1.824464] usbhid: USB HID core driver
[    1.839911] snd-soc-dummy snd-soc-dummy: no of_node; not parsing pinctrl DT
[    1.848146] NET: Registered protocol family 17
[    1.853187] Bluetooth: RFCOMM TTY layer initialized
[    1.859287] Bluetooth: RFCOMM socket layer initialized
[    1.864890] Bluetooth: RFCOMM ver 1.11
[    1.869335] Bluetooth: BNEP (Ethernet Emulation) ver 1.3
[    1.874908] Bluetooth: BNEP filters: protocol multicast
[    1.880697] Bluetooth: BNEP socket layer initialized
[    1.885922] Bluetooth: HIDP (Human Interface Emulation) ver 1.2
[    1.892370] Bluetooth: HIDP socket layer initialized
[    1.898708] start plist test
[    1.902279] mmc0: host does not support reading read-only switch, assuming write-enable
[    1.919522] mmc0: new high speed SDHC card at address 59b4
[    1.937643] mmcblk mmc0:59b4: no of_node; not parsing pinctrl DT
[    1.938494] mmcblk0: mmc0:59b4 SMI   3.75 GiB 
[    1.947316]  mmcblk0: p1
[    1.981713] end plist test
[    1.990275] pinctrl-single 1c14120.pinmux: pinmux_wifi_wl_en index: 0x2c value: 0x80000 mask: 0xf0000
[    1.990341] pinctrl core: add 1 pinctrl maps
[    1.990458] pinctrl-single 1c14120.pinmux: found group selector 8 for pinmux_wifi_wl_en
[    1.990523] pinctrl-single 1c14120.pinmux: request pin 92 (PIN92) for fixedregulator-wifi_wl_en
[    1.990566] pinctrl-single 1c14120.pinmux: enabling (null) function8
[    1.992894] pinctrl-single 1c14120.pinmux: pinmux_i2c0_pins index: 0x10 value: 0x2200 mask: 0xff00
[    1.992962] pinctrl core: add 1 pinctrl maps
[    1.993075] pinctrl-single 1c14120.pinmux: found group selector 9 for pinmux_i2c0_pins
[    1.993135] pinctrl-single 1c14120.pinmux: request pin 34 (PIN34) for i2c_davinci.1
[    1.993171] pinctrl-single 1c14120.pinmux: request pin 35 (PIN35) for i2c_davinci.1
[    1.993205] pinctrl-single 1c14120.pinmux: enabling (null) function9
[    1.998460] pinctrl-single 1c14120.pinmux: pinmux_i2c1_pins index: 0x10 value: 0x440000 mask: 0xff0000
[    1.998529] pinctrl core: add 1 pinctrl maps
[    1.998654] pinctrl-single 1c14120.pinmux: found group selector 10 for pinmux_i2c1_pins
[    1.998711] pinctrl-single 1c14120.pinmux: request pin 36 (PIN36) for i2c_davinci.2
[    1.998748] pinctrl-single 1c14120.pinmux: request pin 37 (PIN37) for i2c_davinci.2
[    1.998783] pinctrl-single 1c14120.pinmux: enabling (null) function10
[    2.009525] mma8452 2-001c: registering fsl,mma8451 accelerometer; ID 0x1a
[    2.057423] random: fast init done
[    2.068753] pinctrl-single 1c14120.pinmux: pinmux_mmc1_pins index: 0x34 value: 0x8000000 mask: 0xf000000
[    2.068821] pinctrl-single 1c14120.pinmux: pinmux_mmc1_pins index: 0x48 value: 0x22200 mask: 0xfff00
[    2.068871] pinctrl-single 1c14120.pinmux: pinmux_mmc1_pins index: 0x4c value: 0x22200 mask: 0xfff00
[    2.068922] pinctrl core: add 1 pinctrl maps
[    2.069032] pinctrl-single 1c14120.pinmux: found group selector 7 for pinmux_mmc1_pins
[    2.069094] pinctrl-single 1c14120.pinmux: request pin 110 (PIN110) for da830-mmc.1
[    2.069134] pinctrl-single 1c14120.pinmux: request pin 146 (PIN146) for da830-mmc.1
[    2.069167] pinctrl-single 1c14120.pinmux: request pin 147 (PIN147) for da830-mmc.1
[    2.069198] pinctrl-single 1c14120.pinmux: request pin 148 (PIN148) for da830-mmc.1
[    2.069229] pinctrl-single 1c14120.pinmux: request pin 154 (PIN154) for da830-mmc.1
[    2.069259] pinctrl-single 1c14120.pinmux: request pin 155 (PIN155) for da830-mmc.1
[    2.069288] pinctrl-single 1c14120.pinmux: request pin 156 (PIN156) for da830-mmc.1
[    2.069322] pinctrl-single 1c14120.pinmux: enabling (null) function7
[    2.267176] davinci_mmc da830-mmc.1: Using DMA, 4-bit mode
[    2.275096] omap_rtc 1c23000.rtc: setting system clock to 2018-09-22 20:10:22 UTC (1537647022)
[    2.285949] vbat: disabling
[    2.290291] cr_3_3: disabling
[    2.295620] cr_1_8: disabling
[    2.298928] davinci_mmc da830-mmc.1: card claims to support voltages below defined range
[    2.308069] wifi_wl_en_reg: disabling
[    2.311953] ALSA device list:
[    2.315114]   No soundcards found.
[    2.328731] mmc1: new SDIO card at address 0001
[    2.329778] mmcblk mmc1:0001: no of_node; not parsing pinctrl DT
[    2.343272] EXT4-fs (mmcblk0p1): INFO: recovery required on readonly filesystem
[    2.351011] EXT4-fs (mmcblk0p1): write access will be enabled during recovery
[    2.631522] EXT4-fs (mmcblk0p1): recovery complete
[    2.648978] EXT4-fs (mmcblk0p1): mounted filesystem with ordered data mode. Opts: (null)
[    2.657643] VFS: Mounted root (ext4 filesystem) readonly on device 179:1.
[    2.682672] devtmpfs: mounted
[    2.687438] Freeing unused kernel memory: 244K
[    2.691956] This architecture does not have kernel memory protection.
[    3.127252] usb 2-1: new high-speed USB device number 2 using musb-hdrc
[    3.157032] NOHZ: local_softirq_pending 40
[    3.187042] NOHZ: local_softirq_pending 40
[    3.567052] NOHZ: local_softirq_pending 40
[    3.717286] usb 2-1: device not accepting address 2, error -71
[    3.887208] usb 2-1: new high-speed USB device number 3 using musb-hdrc
[    4.497193] usb 2-1: device not accepting address 3, error -71
[    4.507436] usb usb2-port1: attempt power cycle
[    4.548637] udevd[732]: starting version 3.2
[    4.601453] random: udevd: uninitialized urandom read (16 bytes read)
[    4.609294] random: udevd: uninitialized urandom read (16 bytes read)
[    4.617550] random: udevd: uninitialized urandom read (16 bytes read)
[    4.677039] NOHZ: local_softirq_pending 40
[    4.804135] udevd[733]: starting eudev-3.2
[    4.997184] usb 2-1: new high-speed USB device number 4 using musb-hdrc
[    5.587214] usb 2-1: new high-speed USB device number 5 using musb-hdrc
[    6.216351] wl1271_sdio mmc1:0001:1: no of_node; not parsing pinctrl DT
[    9.503371] wl12xx_driver wl12xx.2.auto: no of_node; not parsing pinctrl DT
[    9.735120] EXT4-fs (mmcblk0p1): re-mounted. Opts: (null)
[   10.008839] wlcore: WARNING Detected unconfigured mac address in nvs, derive from fuse instead.
[   10.008839] 
[   10.027227] wlcore: WARNING Your device performance is not optimized.
[   10.027227] 
[   10.035254] wlcore: WARNING Please use the calibrator tool to configure your device.
[   10.035254] 
[   10.085548] wlcore: loaded
[   13.137037] NOHZ: local_softirq_pending 40
[   14.237052] NOHZ: local_softirq_pending 40
[   14.499567] urandom_read: 3 callbacks suppressed
[   14.499606] random: dd: uninitialized urandom read (512 bytes read)
[   16.643837] random: dbus-daemon: uninitialized urandom read (12 bytes read)
[   16.766165] random: dbus-daemon: uninitialized urandom read (12 bytes read)
[   17.568685] random: sshd: uninitialized urandom read (32 bytes read)
[   20.477036] NOHZ: local_softirq_pending 40
[   29.135145] wlcore: firmware booted (Rev 6.3.10.0.133)
[   42.087042] NOHZ: local_softirq_pending 02
[   42.092548] NOHZ: local_softirq_pending 02
[   42.098055] NOHZ: local_softirq_pending 02
[   51.828847] i2c_davinci i2c_davinci.1: transfer to own address aborted
[   51.945191] i2c_davinci i2c_davinci.2: transfer to own address aborted
[   64.181860] i2c_davinci i2c_davinci.1: transfer to own address aborted
[   64.298527] i2c_davinci i2c_davinci.2: transfer to own address aborted
[   76.703713] i2c_davinci i2c_davinci.1: transfer to own address aborted
[   76.823029] i2c_davinci i2c_davinci.2: transfer to own address aborted
[   87.730034] i2c_davinci i2c_davinci.1: transfer to own address aborted
[   87.847544] i2c_davinci i2c_davinci.2: transfer to own address aborted
[   98.969540] i2c_davinci i2c_davinci.1: transfer to own address aborted
[   99.086660] i2c_davinci i2c_davinci.2: transfer to own address aborted
[  110.148366] i2c_davinci i2c_davinci.1: transfer to own address aborted
[  110.266617] i2c_davinci i2c_davinci.2: transfer to own address aborted
[  110.757192] random: crng init done
[  121.355399] i2c_davinci i2c_davinci.1: transfer to own address aborted
[  121.477304] i2c_davinci i2c_davinci.2: transfer to own address aborted
[  133.167942] i2c_davinci i2c_davinci.1: transfer to own address aborted
[  133.284465] i2c_davinci i2c_davinci.2: transfer to own address aborted
[  144.203007] i2c_davinci i2c_davinci.1: transfer to own address aborted
[  144.319874] i2c_davinci i2c_davinci.2: transfer to own address aborted
[  155.303245] i2c_davinci i2c_davinci.1: transfer to own address aborted
[  155.422248] i2c_davinci i2c_davinci.2: transfer to own address aborted
