[    0.000000] Booting Linux on physical CPU 0x0
[    0.000000] Linux version 4.14.71+ (dours@ubuntu) (gcc version 8.2.0 (crosstool-NG 1.23.0.501-7c4c)) #12 PREEMPT Wed Nov 7 23:30:54 MSK 2018
[    0.000000] CPU: ARM926EJ-S [41069265] revision 5 (ARMv5TEJ), cr=0005317f
[    0.000000] CPU: VIVT data cache, VIVT instruction cache
[    0.000000] OF: fdt: Machine model: TRIKBOARD
[    0.000000] Memory policy: Data cache writeback
[    0.000000] DaVinci da850/omap-l138/am18x variant 0x1
[    0.000000] On node 0 totalpages: 49152
[    0.000000] free_area_init_node: node 0, pgdat c0718fd4, node_mem_map cfc82000
[    0.000000]   DMA zone: 512 pages used for memmap
[    0.000000]   DMA zone: 0 pages reserved
[    0.000000]   DMA zone: 49152 pages, LIFO batch:15
[    0.000000] pcpu-alloc: s0 r0 d32768 u32768 alloc=1*32768
[    0.000000] pcpu-alloc: [0] 0 
[    0.000000] Built 1 zonelists, mobility grouping on.  Total pages: 48640
[    0.000000] Kernel command line: console=ttyS1,115200n8 mem=128M@0xC0000000 mem=64M@0xCC000000 noinitrd vt.global_cursor_default=0 consoleblank=0 root=PARTUUID=461f71e6-01 ro rootfstype=ext4 rootwait
[    0.000000] PID hash table entries: 1024 (order: 0, 4096 bytes)
[    0.000000] Dentry cache hash table entries: 32768 (order: 5, 131072 bytes)
[    0.000000] Inode-cache hash table entries: 16384 (order: 4, 65536 bytes)
[    0.000000] Memory: 187140K/196608K available (5293K kernel code, 278K rwdata, 1272K rodata, 244K init, 337K bss, 9468K reserved, 0K cma-reserved)
[    0.000000] Virtual kernel memory layout:
[    0.000000]     vector  : 0xffff0000 - 0xffff1000   (   4 kB)
[    0.000000]     fixmap  : 0xffc00000 - 0xfff00000   (3072 kB)
[    0.000000]     vmalloc : 0xd0800000 - 0xff800000   ( 752 MB)
[    0.000000]     lowmem  : 0xc0000000 - 0xd0000000   ( 256 MB)
[    0.000000]     modules : 0xbf000000 - 0xc0000000   (  16 MB)
[    0.000000]       .text : 0xc0008000 - 0xc05339e8   (5295 kB)
[    0.000000]       .init : 0xc0697000 - 0xc06d4000   ( 244 kB)
[    0.000000]       .data : 0xc06d4000 - 0xc0719ac0   ( 279 kB)
[    0.000000]        .bss : 0xc071e9d4 - 0xc0772e9c   ( 338 kB)
[    0.000000] SLUB: HWalign=32, Order=0-3, MinObjects=0, CPUs=1, Nodes=1
[    0.000000] Preemptible hierarchical RCU implementation.
[    0.000000] 	Tasks RCU enabled.
[    0.000000] NR_IRQS: 245
[    0.000000] clocksource: timer0_1: mask: 0xffffffff max_cycles: 0xffffffff, max_idle_ns: 79635851949 ns
[    0.000000] sched_clock: 32 bits at 24MHz, resolution 41ns, wraps every 89478484971ns
[    0.000439] Console: colour dummy device 80x30
[    0.000577] Calibrating delay loop... 148.88 BogoMIPS (lpj=744448)
[    0.070136] pid_max: default: 32768 minimum: 301
[    0.070653] Mount-cache hash table entries: 1024 (order: 0, 4096 bytes)
[    0.070729] Mountpoint-cache hash table entries: 1024 (order: 0, 4096 bytes)
[    0.072434] CPU: Testing write buffer coherency: ok
[    0.075287] Setting up static identity map for 0xc0008400 - 0xc0008458
[    0.075947] Hierarchical SRCU implementation.
[    0.080188] devtmpfs: initialized
[    0.096336] random: get_random_u32 called from bucket_table_alloc+0x80/0x1a8 with crng_init=0
[    0.098582] clocksource: jiffies: mask: 0xffffffff max_cycles: 0xffffffff, max_idle_ns: 19112604462750000 ns
[    0.098682] futex hash table entries: 256 (order: -1, 3072 bytes)
[    0.099037] pinctrl core: initialized pinctrl subsystem
[    0.100800] reg-dummy reg-dummy: no of_node; not parsing pinctrl DT
[    0.102929] NET: Registered protocol family 16
[    0.104867] DMA: preallocated 256 KiB pool for atomic coherent allocations
[    0.117381] cpuidle: using governor ladder
[    0.117592] cpuidle: using governor menu
[    0.342460] edma 1c00000.edma: memcpy is disabled
[    0.382286] edma 1c00000.edma: TI EDMA DMA engine driver
[    0.383683] edma 1e30000.edma: memcpy is disabled
[    0.424444] edma 1e30000.edma: TI EDMA DMA engine driver
[    0.435624] reg-fixed-voltage fixedregulator-wifi_wl_en: could not find pctldev for node /soc@1c00000/pinmux@14120/pinmux_wifi_wl_en, deferring probe
[    0.442577] SCSI subsystem initialized
[    0.444029] usbcore: registered new interface driver usbfs
[    0.445453] usbcore: registered new interface driver hub
[    0.446629] usbcore: registered new device driver usb
[    0.451903] i2c_davinci i2c_davinci.1: could not find pctldev for node /soc@1c00000/pinmux@14120/pinmux_i2c0_pins, deferring probe
[    0.452136] i2c_davinci i2c_davinci.2: could not find pctldev for node /soc@1c00000/pinmux@14120/pinmux_i2c1_pins, deferring probe
[    0.454144] Linux video capture interface: v2.00
[    0.464723] Advanced Linux Sound Architecture Driver Initialized.
[    0.469118] Bluetooth: Core ver 2.22
[    0.469784] NET: Registered protocol family 31
[    0.469846] Bluetooth: HCI device and connection manager initialized
[    0.469932] Bluetooth: HCI socket layer initialized
[    0.470001] Bluetooth: L2CAP socket layer initialized
[    0.471589] Bluetooth: SCO socket layer initialized
[    0.479721] clocksource: Switched to clocksource timer0_1
[    0.601641] NET: Registered protocol family 2
[    0.604862] TCP established hash table entries: 2048 (order: 1, 8192 bytes)
[    0.605022] TCP bind hash table entries: 2048 (order: 1, 8192 bytes)
[    0.605143] TCP: Hash tables configured (established 2048 bind 2048)
[    0.605548] UDP hash table entries: 256 (order: 0, 4096 bytes)
[    0.605647] UDP-Lite hash table entries: 256 (order: 0, 4096 bytes)
[    0.606443] NET: Registered protocol family 1
[    0.613397] alarmtimer alarmtimer: no of_node; not parsing pinctrl DT
[    0.618357] workingset: timestamp_bits=30 max_order=16 bucket_order=0
[    0.713408] squashfs: version 4.0 (2009/01/31) Phillip Lougher
[    0.716030] fuse init (API version 7.26)
[    0.746028] Block layer SCSI generic (bsg) driver version 0.4 loaded (major 250)
[    0.746099] io scheduler noop registered (default)
[    0.746135] io scheduler mq-deadline registered
[    0.746166] io scheduler kyber registered
[    0.754903] pinctrl-single 1c14120.pinmux: allocating 160 pins
[    0.755008] pinctrl-single 1c14120.pinmux: try to register 160 pins ...
[    0.755051] pinctrl core: registered pin 0 (PIN0) on pinctrl-single
[    0.755091] pinctrl core: registered pin 1 (PIN1) on pinctrl-single
[    0.755122] pinctrl core: registered pin 2 (PIN2) on pinctrl-single
[    0.755149] pinctrl core: registered pin 3 (PIN3) on pinctrl-single
[    0.755190] pinctrl core: registered pin 4 (PIN4) on pinctrl-single
[    0.755220] pinctrl core: registered pin 5 (PIN5) on pinctrl-single
[    0.755249] pinctrl core: registered pin 6 (PIN6) on pinctrl-single
[    0.755279] pinctrl core: registered pin 7 (PIN7) on pinctrl-single
[    0.755308] pinctrl core: registered pin 8 (PIN8) on pinctrl-single
[    0.755333] pinctrl core: registered pin 9 (PIN9) on pinctrl-single
[    0.755364] pinctrl core: registered pin 10 (PIN10) on pinctrl-single
[    0.755392] pinctrl core: registered pin 11 (PIN11) on pinctrl-single
[    0.755423] pinctrl core: registered pin 12 (PIN12) on pinctrl-single
[    0.755493] pinctrl core: registered pin 13 (PIN13) on pinctrl-single
[    0.755526] pinctrl core: registered pin 14 (PIN14) on pinctrl-single
[    0.755554] pinctrl core: registered pin 15 (PIN15) on pinctrl-single
[    0.755581] pinctrl core: registered pin 16 (PIN16) on pinctrl-single
[    0.755608] pinctrl core: registered pin 17 (PIN17) on pinctrl-single
[    0.755636] pinctrl core: registered pin 18 (PIN18) on pinctrl-single
[    0.755662] pinctrl core: registered pin 19 (PIN19) on pinctrl-single
[    0.755690] pinctrl core: registered pin 20 (PIN20) on pinctrl-single
[    0.755716] pinctrl core: registered pin 21 (PIN21) on pinctrl-single
[    0.755743] pinctrl core: registered pin 22 (PIN22) on pinctrl-single
[    0.755771] pinctrl core: registered pin 23 (PIN23) on pinctrl-single
[    0.755799] pinctrl core: registered pin 24 (PIN24) on pinctrl-single
[    0.755827] pinctrl core: registered pin 25 (PIN25) on pinctrl-single
[    0.755854] pinctrl core: registered pin 26 (PIN26) on pinctrl-single
[    0.755881] pinctrl core: registered pin 27 (PIN27) on pinctrl-single
[    0.755909] pinctrl core: registered pin 28 (PIN28) on pinctrl-single
[    0.755936] pinctrl core: registered pin 29 (PIN29) on pinctrl-single
[    0.755964] pinctrl core: registered pin 30 (PIN30) on pinctrl-single
[    0.755992] pinctrl core: registered pin 31 (PIN31) on pinctrl-single
[    0.756019] pinctrl core: registered pin 32 (PIN32) on pinctrl-single
[    0.756046] pinctrl core: registered pin 33 (PIN33) on pinctrl-single
[    0.756073] pinctrl core: registered pin 34 (PIN34) on pinctrl-single
[    0.756101] pinctrl core: registered pin 35 (PIN35) on pinctrl-single
[    0.756128] pinctrl core: registered pin 36 (PIN36) on pinctrl-single
[    0.756155] pinctrl core: registered pin 37 (PIN37) on pinctrl-single
[    0.756183] pinctrl core: registered pin 38 (PIN38) on pinctrl-single
[    0.756210] pinctrl core: registered pin 39 (PIN39) on pinctrl-single
[    0.756237] pinctrl core: registered pin 40 (PIN40) on pinctrl-single
[    0.756265] pinctrl core: registered pin 41 (PIN41) on pinctrl-single
[    0.756291] pinctrl core: registered pin 42 (PIN42) on pinctrl-single
[    0.756318] pinctrl core: registered pin 43 (PIN43) on pinctrl-single
[    0.756346] pinctrl core: registered pin 44 (PIN44) on pinctrl-single
[    0.756373] pinctrl core: registered pin 45 (PIN45) on pinctrl-single
[    0.756401] pinctrl core: registered pin 46 (PIN46) on pinctrl-single
[    0.756429] pinctrl core: registered pin 47 (PIN47) on pinctrl-single
[    0.756455] pinctrl core: registered pin 48 (PIN48) on pinctrl-single
[    0.756483] pinctrl core: registered pin 49 (PIN49) on pinctrl-single
[    0.756510] pinctrl core: registered pin 50 (PIN50) on pinctrl-single
[    0.756538] pinctrl core: registered pin 51 (PIN51) on pinctrl-single
[    0.756565] pinctrl core: registered pin 52 (PIN52) on pinctrl-single
[    0.756591] pinctrl core: registered pin 53 (PIN53) on pinctrl-single
[    0.756619] pinctrl core: registered pin 54 (PIN54) on pinctrl-single
[    0.756645] pinctrl core: registered pin 55 (PIN55) on pinctrl-single
[    0.756672] pinctrl core: registered pin 56 (PIN56) on pinctrl-single
[    0.756701] pinctrl core: registered pin 57 (PIN57) on pinctrl-single
[    0.756728] pinctrl core: registered pin 58 (PIN58) on pinctrl-single
[    0.756755] pinctrl core: registered pin 59 (PIN59) on pinctrl-single
[    0.756782] pinctrl core: registered pin 60 (PIN60) on pinctrl-single
[    0.756809] pinctrl core: registered pin 61 (PIN61) on pinctrl-single
[    0.756838] pinctrl core: registered pin 62 (PIN62) on pinctrl-single
[    0.756866] pinctrl core: registered pin 63 (PIN63) on pinctrl-single
[    0.756901] pinctrl core: registered pin 64 (PIN64) on pinctrl-single
[    0.756931] pinctrl core: registered pin 65 (PIN65) on pinctrl-single
[    0.756959] pinctrl core: registered pin 66 (PIN66) on pinctrl-single
[    0.756986] pinctrl core: registered pin 67 (PIN67) on pinctrl-single
[    0.757014] pinctrl core: registered pin 68 (PIN68) on pinctrl-single
[    0.757041] pinctrl core: registered pin 69 (PIN69) on pinctrl-single
[    0.757068] pinctrl core: registered pin 70 (PIN70) on pinctrl-single
[    0.757095] pinctrl core: registered pin 71 (PIN71) on pinctrl-single
[    0.757122] pinctrl core: registered pin 72 (PIN72) on pinctrl-single
[    0.757149] pinctrl core: registered pin 73 (PIN73) on pinctrl-single
[    0.757177] pinctrl core: registered pin 74 (PIN74) on pinctrl-single
[    0.757204] pinctrl core: registered pin 75 (PIN75) on pinctrl-single
[    0.757231] pinctrl core: registered pin 76 (PIN76) on pinctrl-single
[    0.757292] pinctrl core: registered pin 77 (PIN77) on pinctrl-single
[    0.757323] pinctrl core: registered pin 78 (PIN78) on pinctrl-single
[    0.757351] pinctrl core: registered pin 79 (PIN79) on pinctrl-single
[    0.757379] pinctrl core: registered pin 80 (PIN80) on pinctrl-single
[    0.757406] pinctrl core: registered pin 81 (PIN81) on pinctrl-single
[    0.757433] pinctrl core: registered pin 82 (PIN82) on pinctrl-single
[    0.757460] pinctrl core: registered pin 83 (PIN83) on pinctrl-single
[    0.757488] pinctrl core: registered pin 84 (PIN84) on pinctrl-single
[    0.757515] pinctrl core: registered pin 85 (PIN85) on pinctrl-single
[    0.757542] pinctrl core: registered pin 86 (PIN86) on pinctrl-single
[    0.757570] pinctrl core: registered pin 87 (PIN87) on pinctrl-single
[    0.757597] pinctrl core: registered pin 88 (PIN88) on pinctrl-single
[    0.757625] pinctrl core: registered pin 89 (PIN89) on pinctrl-single
[    0.757653] pinctrl core: registered pin 90 (PIN90) on pinctrl-single
[    0.757680] pinctrl core: registered pin 91 (PIN91) on pinctrl-single
[    0.757710] pinctrl core: registered pin 92 (PIN92) on pinctrl-single
[    0.757736] pinctrl core: registered pin 93 (PIN93) on pinctrl-single
[    0.757763] pinctrl core: registered pin 94 (PIN94) on pinctrl-single
[    0.757791] pinctrl core: registered pin 95 (PIN95) on pinctrl-single
[    0.757819] pinctrl core: registered pin 96 (PIN96) on pinctrl-single
[    0.757846] pinctrl core: registered pin 97 (PIN97) on pinctrl-single
[    0.757874] pinctrl core: registered pin 98 (PIN98) on pinctrl-single
[    0.757902] pinctrl core: registered pin 99 (PIN99) on pinctrl-single
[    0.757930] pinctrl core: registered pin 100 (PIN100) on pinctrl-single
[    0.757958] pinctrl core: registered pin 101 (PIN101) on pinctrl-single
[    0.757985] pinctrl core: registered pin 102 (PIN102) on pinctrl-single
[    0.758013] pinctrl core: registered pin 103 (PIN103) on pinctrl-single
[    0.758041] pinctrl core: registered pin 104 (PIN104) on pinctrl-single
[    0.758070] pinctrl core: registered pin 105 (PIN105) on pinctrl-single
[    0.758097] pinctrl core: registered pin 106 (PIN106) on pinctrl-single
[    0.758124] pinctrl core: registered pin 107 (PIN107) on pinctrl-single
[    0.758151] pinctrl core: registered pin 108 (PIN108) on pinctrl-single
[    0.758179] pinctrl core: registered pin 109 (PIN109) on pinctrl-single
[    0.758207] pinctrl core: registered pin 110 (PIN110) on pinctrl-single
[    0.758236] pinctrl core: registered pin 111 (PIN111) on pinctrl-single
[    0.758263] pinctrl core: registered pin 112 (PIN112) on pinctrl-single
[    0.758291] pinctrl core: registered pin 113 (PIN113) on pinctrl-single
[    0.758318] pinctrl core: registered pin 114 (PIN114) on pinctrl-single
[    0.758346] pinctrl core: registered pin 115 (PIN115) on pinctrl-single
[    0.758374] pinctrl core: registered pin 116 (PIN116) on pinctrl-single
[    0.758401] pinctrl core: registered pin 117 (PIN117) on pinctrl-single
[    0.758429] pinctrl core: registered pin 118 (PIN118) on pinctrl-single
[    0.758458] pinctrl core: registered pin 119 (PIN119) on pinctrl-single
[    0.758485] pinctrl core: registered pin 120 (PIN120) on pinctrl-single
[    0.758513] pinctrl core: registered pin 121 (PIN121) on pinctrl-single
[    0.758540] pinctrl core: registered pin 122 (PIN122) on pinctrl-single
[    0.758568] pinctrl core: registered pin 123 (PIN123) on pinctrl-single
[    0.758595] pinctrl core: registered pin 124 (PIN124) on pinctrl-single
[    0.758623] pinctrl core: registered pin 125 (PIN125) on pinctrl-single
[    0.758652] pinctrl core: registered pin 126 (PIN126) on pinctrl-single
[    0.758679] pinctrl core: registered pin 127 (PIN127) on pinctrl-single
[    0.758708] pinctrl core: registered pin 128 (PIN128) on pinctrl-single
[    0.758735] pinctrl core: registered pin 129 (PIN129) on pinctrl-single
[    0.758763] pinctrl core: registered pin 130 (PIN130) on pinctrl-single
[    0.758791] pinctrl core: registered pin 131 (PIN131) on pinctrl-single
[    0.758819] pinctrl core: registered pin 132 (PIN132) on pinctrl-single
[    0.758847] pinctrl core: registered pin 133 (PIN133) on pinctrl-single
[    0.758875] pinctrl core: registered pin 134 (PIN134) on pinctrl-single
[    0.758904] pinctrl core: registered pin 135 (PIN135) on pinctrl-single
[    0.758931] pinctrl core: registered pin 136 (PIN136) on pinctrl-single
[    0.758959] pinctrl core: registered pin 137 (PIN137) on pinctrl-single
[    0.758988] pinctrl core: registered pin 138 (PIN138) on pinctrl-single
[    0.759015] pinctrl core: registered pin 139 (PIN139) on pinctrl-single
[    0.759044] pinctrl core: registered pin 140 (PIN140) on pinctrl-single
[    0.759101] pinctrl core: registered pin 141 (PIN141) on pinctrl-single
[    0.759132] pinctrl core: registered pin 142 (PIN142) on pinctrl-single
[    0.759160] pinctrl core: registered pin 143 (PIN143) on pinctrl-single
[    0.759189] pinctrl core: registered pin 144 (PIN144) on pinctrl-single
[    0.759217] pinctrl core: registered pin 145 (PIN145) on pinctrl-single
[    0.759244] pinctrl core: registered pin 146 (PIN146) on pinctrl-single
[    0.759273] pinctrl core: registered pin 147 (PIN147) on pinctrl-single
[    0.759301] pinctrl core: registered pin 148 (PIN148) on pinctrl-single
[    0.759328] pinctrl core: registered pin 149 (PIN149) on pinctrl-single
[    0.759356] pinctrl core: registered pin 150 (PIN150) on pinctrl-single
[    0.759384] pinctrl core: registered pin 151 (PIN151) on pinctrl-single
[    0.759412] pinctrl core: registered pin 152 (PIN152) on pinctrl-single
[    0.759440] pinctrl core: registered pin 153 (PIN153) on pinctrl-single
[    0.759467] pinctrl core: registered pin 154 (PIN154) on pinctrl-single
[    0.759496] pinctrl core: registered pin 155 (PIN155) on pinctrl-single
[    0.759523] pinctrl core: registered pin 156 (PIN156) on pinctrl-single
[    0.759551] pinctrl core: registered pin 157 (PIN157) on pinctrl-single
[    0.759578] pinctrl core: registered pin 158 (PIN158) on pinctrl-single
[    0.759606] pinctrl core: registered pin 159 (PIN159) on pinctrl-single
[    0.760171] pinctrl-single 1c14120.pinmux: 160 pins at pa fec14120 size 80
[    0.760274] pinctrl-single 1c14120.pinmux: no hogs found
[    0.763109] pinctrl-single 1c14120.pinmux: pinmux_lcd_pins index: 0x40 value: 0x22222200 mask: 0xffffff00
[    0.763178] pinctrl-single 1c14120.pinmux: pinmux_lcd_pins index: 0x44 value: 0x22222222 mask: 0xffffffff
[    0.763228] pinctrl-single 1c14120.pinmux: pinmux_lcd_pins index: 0x48 value: 0x22 mask: 0xff
[    0.763276] pinctrl-single 1c14120.pinmux: pinmux_lcd_pins index: 0x48 value: 0x2000000 mask: 0xf000000
[    0.763321] pinctrl-single 1c14120.pinmux: pinmux_lcd_pins index: 0x4c value: 0x2000022 mask: 0xf0000ff
[    0.763370] pinctrl core: add 1 pinctrl maps
[    0.763448] pinctrl-single 1c14120.pinmux: found group selector 0 for pinmux_lcd_pins
[    0.763509] pinctrl-single 1c14120.pinmux: request pin 130 (PIN130) for lcd
[    0.763547] pinctrl-single 1c14120.pinmux: request pin 131 (PIN131) for lcd
[    0.763581] pinctrl-single 1c14120.pinmux: request pin 132 (PIN132) for lcd
[    0.763613] pinctrl-single 1c14120.pinmux: request pin 133 (PIN133) for lcd
[    0.763647] pinctrl-single 1c14120.pinmux: request pin 134 (PIN134) for lcd
[    0.763679] pinctrl-single 1c14120.pinmux: request pin 135 (PIN135) for lcd
[    0.763711] pinctrl-single 1c14120.pinmux: request pin 136 (PIN136) for lcd
[    0.763742] pinctrl-single 1c14120.pinmux: request pin 137 (PIN137) for lcd
[    0.763773] pinctrl-single 1c14120.pinmux: request pin 138 (PIN138) for lcd
[    0.763805] pinctrl-single 1c14120.pinmux: request pin 139 (PIN139) for lcd
[    0.763836] pinctrl-single 1c14120.pinmux: request pin 140 (PIN140) for lcd
[    0.763867] pinctrl-single 1c14120.pinmux: request pin 141 (PIN141) for lcd
[    0.763897] pinctrl-single 1c14120.pinmux: request pin 142 (PIN142) for lcd
[    0.763928] pinctrl-single 1c14120.pinmux: request pin 143 (PIN143) for lcd
[    0.763959] pinctrl-single 1c14120.pinmux: request pin 144 (PIN144) for lcd
[    0.763990] pinctrl-single 1c14120.pinmux: request pin 145 (PIN145) for lcd
[    0.764021] pinctrl-single 1c14120.pinmux: request pin 150 (PIN150) for lcd
[    0.764052] pinctrl-single 1c14120.pinmux: request pin 152 (PIN152) for lcd
[    0.764082] pinctrl-single 1c14120.pinmux: request pin 153 (PIN153) for lcd
[    0.764113] pinctrl-single 1c14120.pinmux: request pin 158 (PIN158) for lcd
[    0.764152] pinctrl-single 1c14120.pinmux: enabling (null) function0
[    0.764343] da8xx_lcdc_ili9340 lcd: da8xx_ili9340_probe: called, pdevice lcd.-1 (cf930400), dev lcd (cf930410)
[    0.764416] da8xx_lcdc_ili9340 lcd: da8xx_ili9340_fb_init: called
[    0.766556] da8xx_lcdc_ili9340 lcd: da8xx_ili9340_fb_init: done
[    0.766603] da8xx_lcdc_ili9340 lcd: da8xx_ili9340_lcdc_init: called
[    0.766797] da8xx_lcdc_ili9340 lcd: da8xx_ili9340_lcdc_init: cannot get LCD controller clock
[    0.766935] da8xx_lcdc_ili9340 lcd: da8xx_ili9340_probe: cannot initialize da8xx LCD controller: -19
[    0.766988] da8xx_lcdc_ili9340 lcd: da8xx_ili9340_fb_shutdown: called
[    0.767333] da8xx_lcdc_ili9340 lcd: da8xx_ili9340_fb_shutdown: done
[    0.769345] da8xx_ili9340_init_module: registered platform driver da8xx_lcdc_ili9340
[    0.772201] Serial: 8250/16550 driver, 3 ports, IRQ sharing disabled
[    0.778920] serial8250 serial8250: no of_node; not parsing pinctrl DT
[    0.784358] serial8250.0: ttyS0 at MMIO 0x1c42000 (irq = 25, base_baud = 9375000) is a TI DA8xx/66AK2x
[    0.789392] serial8250.1: ttyS1 at MMIO 0x1d0c000 (irq = 53, base_baud = 8250000) is a TI DA8xx/66AK2x
[    1.336566] console [ttyS1] enabled
[    1.344197] serial8250.2: ttyS2 at MMIO 0x1d0d000 (irq = 61, base_baud = 8250000) is a TI DA8xx/66AK2x
[    1.363578] brd: module loaded
[    1.375516] pinctrl-single 1c14120.pinmux: pinmux_spi0_pins index: 0xc value: 0x1101 mask: 0xff0f
[    1.375598] pinctrl core: add 1 pinctrl maps
[    1.375699] pinctrl-single 1c14120.pinmux: pinmux_spi0_cs0 index: 0x10 value: 0x10 mask: 0xf0
[    1.375742] pinctrl core: add 1 pinctrl maps
[    1.375836] pinctrl-single 1c14120.pinmux: pinmux_spi0_cs1 index: 0x10 value: 0x1 mask: 0xf0
[    1.375874] pinctrl core: add 1 pinctrl maps
[    1.375960] pinctrl-single 1c14120.pinmux: found group selector 1 for pinmux_spi0_pins
[    1.376012] pinctrl-single 1c14120.pinmux: found group selector 2 for pinmux_spi0_cs0
[    1.376059] pinctrl-single 1c14120.pinmux: found group selector 3 for pinmux_spi0_cs1
[    1.376116] pinctrl-single 1c14120.pinmux: request pin 24 (PIN24) for spi_davinci.0
[    1.376154] pinctrl-single 1c14120.pinmux: request pin 26 (PIN26) for spi_davinci.0
[    1.376187] pinctrl-single 1c14120.pinmux: request pin 27 (PIN27) for spi_davinci.0
[    1.376220] pinctrl-single 1c14120.pinmux: enabling (null) function1
[    1.376262] pinctrl-single 1c14120.pinmux: request pin 33 (PIN33) for spi_davinci.0
[    1.376292] pinctrl-single 1c14120.pinmux: enabling (null) function2
[    1.376325] pinctrl-single 1c14120.pinmux: request pin 33 (PIN33) for spi_davinci.0
[    1.376355] pinctrl-single 1c14120.pinmux: enabling (null) function3
[    1.381556] spi_davinci spi_davinci.0: registered master spi0
[    1.382120] spi spi0.0: setup mode 0, 8 bits/w, 30000000 Hz max --> 0
[    1.383302] spi_davinci spi_davinci.0: registered child spi0.0
[    1.383365] spi_davinci spi_davinci.0: Controller at 0xfec41000
[    1.391685] pinctrl-single 1c14120.pinmux: pinmux_spi1_pins index: 0x14 value: 0x110100 mask: 0xff0f00
[    1.391752] pinctrl core: add 1 pinctrl maps
[    1.391862] pinctrl-single 1c14120.pinmux: pinmux_spi1_cs1 index: 0x24 value: 0x8000000 mask: 0xf000000
[    1.391904] pinctrl core: add 1 pinctrl maps
[    1.392004] pinctrl-single 1c14120.pinmux: found group selector 4 for pinmux_spi1_pins
[    1.392060] pinctrl-single 1c14120.pinmux: found group selector 5 for pinmux_spi1_cs1
[    1.392119] pinctrl-single 1c14120.pinmux: request pin 42 (PIN42) for spi_davinci.1
[    1.392158] pinctrl-single 1c14120.pinmux: request pin 44 (PIN44) for spi_davinci.1
[    1.392192] pinctrl-single 1c14120.pinmux: request pin 45 (PIN45) for spi_davinci.1
[    1.392227] pinctrl-single 1c14120.pinmux: enabling (null) function4
[    1.392268] pinctrl-single 1c14120.pinmux: request pin 78 (PIN78) for spi_davinci.1
[    1.392298] pinctrl-single 1c14120.pinmux: enabling (null) function5
[    1.394857] spi_davinci spi_davinci.1: registered master spi1
[    1.395434] spi spi1.0: setup mode 0, 8 bits/w, 10000000 Hz max --> 0
[    1.396613] spi_davinci spi_davinci.1: registered child spi1.0
[    1.396673] spi_davinci spi_davinci.1: Controller at 0xfef0e000
[    1.406734] ohci_hcd: USB 1.1 'Open' Host Controller (OHCI) Driver
[    1.414733] ohci-da8xx: DA8XX
[    1.418514] ohci-da8xx ohci-da8xx: USB Host Controller
[    1.425794] ohci-da8xx ohci-da8xx: new USB bus registered, assigned bus number 1
[    1.435201] ohci-da8xx ohci-da8xx: irq 59, io mem 0x01e25000
[    1.517856] hub 1-0:1.0: no of_node; not parsing pinctrl DT
[    1.518045] hub 1-0:1.0: USB hub found
[    1.523126] hub 1-0:1.0: 1 port detected
[    1.535185] usb_phy_generic usb_phy_generic.0.auto: no of_node; not parsing pinctrl DT
[    1.535431] usb_phy_generic usb_phy_generic.0.auto: usb_phy_generic.0.auto supply vcc not found, using dummy regulator
[    1.562976] musb-hdrc musb-hdrc.1.auto: no of_node; not parsing pinctrl DT
[    1.592059] musb-hdrc musb-hdrc.1.auto: MUSB HDRC host driver
[    1.599207] musb-hdrc musb-hdrc.1.auto: new USB bus registered, assigned bus number 2
[    1.612185] hub 2-0:1.0: no of_node; not parsing pinctrl DT
[    1.612380] hub 2-0:1.0: USB hub found
[    1.617115] hub 2-0:1.0: 1 port detected
[    1.631129] mousedev: PS/2 mouse device common for all mice
[    1.639282] omap_rtc 1c23000.rtc: already running
[    1.645140] omap_rtc 1c23000.rtc: try to register 4 pins ...
[    1.645190] pinctrl core: registered pin 0 (ext_wakeup0) on 1c23000.rtc
[    1.645236] pinctrl core: registered pin 1 (ext_wakeup1) on 1c23000.rtc
[    1.645302] pinctrl core: registered pin 2 (ext_wakeup2) on 1c23000.rtc
[    1.645328] pinctrl core: registered pin 3 (ext_wakeup3) on 1c23000.rtc
[    1.645392] omap_rtc 1c23000.rtc: no hogs found
[    1.647634] omap_rtc 1c23000.rtc: registered as rtc0
[    1.655244] i2c /dev entries driver
[    1.661389] IR NEC protocol handler initialized
[    1.666011] IR RC5(x/sz) protocol handler initialized
[    1.671868] IR RC6 protocol handler initialized
[    1.676528] IR JVC protocol handler initialized
[    1.681763] IR Sony protocol handler initialized
[    1.686465] IR SANYO protocol handler initialized
[    1.691590] IR Sharp protocol handler initialized
[    1.696376] IR MCE Keyboard/mouse protocol handler initialized
[    1.702690] IR XMP protocol handler initialized
[    1.708429] davinci-wdt davinci-wdt: heartbeat 60 sec
[    1.717567] Bluetooth: HCI UART driver ver 2.3
[    1.723733] Bluetooth: HCI UART protocol H4 registered
[    1.728955] Bluetooth: HCI UART protocol BCSP registered
[    1.735242] Bluetooth: HCI UART protocol ATH3K registered
[    1.743663] pinctrl-single 1c14120.pinmux: pinmux_mmc_pins index: 0x28 value: 0x222222 mask: 0xffffff
[    1.743738] pinctrl core: add 1 pinctrl maps
[    1.743848] pinctrl-single 1c14120.pinmux: pinmux_mmc0_cd index: 0x28 value: 0x8000000 mask: 0xf000000
[    1.743886] pinctrl core: add 1 pinctrl maps
[    1.743985] pinctrl-single 1c14120.pinmux: found group selector 6 for pinmux_mmc_pins
[    1.744046] pinctrl-single 1c14120.pinmux: found group selector 7 for pinmux_mmc0_cd
[    1.744105] pinctrl-single 1c14120.pinmux: request pin 80 (PIN80) for da830-mmc.0
[    1.744144] pinctrl-single 1c14120.pinmux: request pin 81 (PIN81) for da830-mmc.0
[    1.744179] pinctrl-single 1c14120.pinmux: request pin 82 (PIN82) for da830-mmc.0
[    1.744210] pinctrl-single 1c14120.pinmux: request pin 83 (PIN83) for da830-mmc.0
[    1.744242] pinctrl-single 1c14120.pinmux: request pin 84 (PIN84) for da830-mmc.0
[    1.744273] pinctrl-single 1c14120.pinmux: request pin 85 (PIN85) for da830-mmc.0
[    1.744307] pinctrl-single 1c14120.pinmux: enabling (null) function6
[    1.744353] pinctrl-single 1c14120.pinmux: request pin 86 (PIN86) for da830-mmc.0
[    1.744384] pinctrl-single 1c14120.pinmux: enabling (null) function7
[    1.744892] davinci_mmc da830-mmc.0: Got CD GPIO
[    1.810611] davinci_mmc da830-mmc.0: Using DMA, 4-bit mode
[    1.817398] pinctrl-single 1c14120.pinmux: pinmux_mmc1_pins index: 0x34 value: 0x8000000 mask: 0xf000000
[    1.817468] pinctrl-single 1c14120.pinmux: pinmux_mmc1_pins index: 0x48 value: 0x22200 mask: 0xfff00
[    1.817519] pinctrl-single 1c14120.pinmux: pinmux_mmc1_pins index: 0x4c value: 0x22200 mask: 0xfff00
[    1.817760] pinctrl core: add 1 pinctrl maps
[    1.817893] pinctrl-single 1c14120.pinmux: found group selector 8 for pinmux_mmc1_pins
[    1.817957] pinctrl-single 1c14120.pinmux: request pin 110 (PIN110) for da830-mmc.1
[    1.817998] pinctrl-single 1c14120.pinmux: request pin 146 (PIN146) for da830-mmc.1
[    1.818032] pinctrl-single 1c14120.pinmux: request pin 147 (PIN147) for da830-mmc.1
[    1.818063] pinctrl-single 1c14120.pinmux: request pin 148 (PIN148) for da830-mmc.1
[    1.818093] pinctrl-single 1c14120.pinmux: request pin 154 (PIN154) for da830-mmc.1
[    1.818124] pinctrl-single 1c14120.pinmux: request pin 155 (PIN155) for da830-mmc.1
[    1.818154] pinctrl-single 1c14120.pinmux: request pin 156 (PIN156) for da830-mmc.1
[    1.818188] pinctrl-single 1c14120.pinmux: enabling (null) function8
[    1.831281] usbcore: registered new interface driver usbhid
[    1.836939] usbhid: USB HID core driver
[    1.852967] snd-soc-dummy snd-soc-dummy: no of_node; not parsing pinctrl DT
[    1.860851] NET: Registered protocol family 17
[    1.865895] Bluetooth: RFCOMM TTY layer initialized
[    1.872168] Bluetooth: RFCOMM socket layer initialized
[    1.877780] Bluetooth: RFCOMM ver 1.11
[    1.882232] Bluetooth: BNEP (Ethernet Emulation) ver 1.3
[    1.887807] Bluetooth: BNEP filters: protocol multicast
[    1.893884] Bluetooth: BNEP socket layer initialized
[    1.899105] Bluetooth: HIDP (Human Interface Emulation) ver 1.2
[    1.905468] Bluetooth: HIDP socket layer initialized
[    1.911606] start plist test
[    1.914953] mmc0: host does not support reading read-only switch, assuming write-enable
[    1.932351] mmc0: new high speed SDHC card at address 59b4
[    1.950458] mmcblk mmc0:59b4: no of_node; not parsing pinctrl DT
[    1.951270] mmcblk0: mmc0:59b4 SMI   3.75 GiB 
[    1.960150]  mmcblk0: p1
[    1.993379] end plist test
[    2.001987] pinctrl-single 1c14120.pinmux: pinmux_wifi_wl_en index: 0x2c value: 0x80000 mask: 0xf0000
[    2.002057] pinctrl core: add 1 pinctrl maps
[    2.002175] pinctrl-single 1c14120.pinmux: found group selector 9 for pinmux_wifi_wl_en
[    2.002239] pinctrl-single 1c14120.pinmux: request pin 92 (PIN92) for fixedregulator-wifi_wl_en
[    2.002280] pinctrl-single 1c14120.pinmux: enabling (null) function9
[    2.004589] pinctrl-single 1c14120.pinmux: pinmux_i2c0_pins index: 0x10 value: 0x2200 mask: 0xff00
[    2.004657] pinctrl core: add 1 pinctrl maps
[    2.004823] pinctrl-single 1c14120.pinmux: found group selector 10 for pinmux_i2c0_pins
[    2.004883] pinctrl-single 1c14120.pinmux: request pin 34 (PIN34) for i2c_davinci.1
[    2.004921] pinctrl-single 1c14120.pinmux: request pin 35 (PIN35) for i2c_davinci.1
[    2.004957] pinctrl-single 1c14120.pinmux: enabling (null) function10
[    2.010495] pinctrl-single 1c14120.pinmux: pinmux_i2c1_pins index: 0x10 value: 0x440000 mask: 0xff0000
[    2.010568] pinctrl core: add 1 pinctrl maps
[    2.010705] pinctrl-single 1c14120.pinmux: found group selector 11 for pinmux_i2c1_pins
[    2.010767] pinctrl-single 1c14120.pinmux: request pin 36 (PIN36) for i2c_davinci.2
[    2.010805] pinctrl-single 1c14120.pinmux: request pin 37 (PIN37) for i2c_davinci.2
[    2.010843] pinctrl-single 1c14120.pinmux: enabling (null) function11
[    2.021740] mma8452 2-001c: registering fsl,mma8451 accelerometer; ID 0x1a
[    2.070505] random: fast init done
[    2.081460] pinctrl-single 1c14120.pinmux: pinmux_mmc1_pins index: 0x34 value: 0x8000000 mask: 0xf000000
[    2.081532] pinctrl-single 1c14120.pinmux: pinmux_mmc1_pins index: 0x48 value: 0x22200 mask: 0xfff00
[    2.081581] pinctrl-single 1c14120.pinmux: pinmux_mmc1_pins index: 0x4c value: 0x22200 mask: 0xfff00
[    2.081634] pinctrl core: add 1 pinctrl maps
[    2.081753] pinctrl-single 1c14120.pinmux: found group selector 8 for pinmux_mmc1_pins
[    2.081814] pinctrl-single 1c14120.pinmux: request pin 110 (PIN110) for da830-mmc.1
[    2.081856] pinctrl-single 1c14120.pinmux: request pin 146 (PIN146) for da830-mmc.1
[    2.081891] pinctrl-single 1c14120.pinmux: request pin 147 (PIN147) for da830-mmc.1
[    2.081923] pinctrl-single 1c14120.pinmux: request pin 148 (PIN148) for da830-mmc.1
[    2.081956] pinctrl-single 1c14120.pinmux: request pin 154 (PIN154) for da830-mmc.1
[    2.081988] pinctrl-single 1c14120.pinmux: request pin 155 (PIN155) for da830-mmc.1
[    2.082019] pinctrl-single 1c14120.pinmux: request pin 156 (PIN156) for da830-mmc.1
[    2.082054] pinctrl-single 1c14120.pinmux: enabling (null) function8
[    2.280011] davinci_mmc da830-mmc.1: Using DMA, 4-bit mode
[    2.287942] omap_rtc 1c23000.rtc: setting system clock to 2018-09-22 20:24:55 UTC (1537647895)
[    2.298811] vbat: disabling
[    2.303148] cr_3_3: disabling
[    2.308471] cr_1_8: disabling
[    2.311781] davinci_mmc da830-mmc.1: card claims to support voltages below defined range
[    2.320915] wifi_wl_en_reg: disabling
[    2.324794] ALSA device list:
[    2.327954]   No soundcards found.
[    2.341511] mmc1: new SDIO card at address 0001
[    2.342570] mmcblk mmc1:0001: no of_node; not parsing pinctrl DT
[    2.355859] EXT4-fs (mmcblk0p1): INFO: recovery required on readonly filesystem
[    2.363598] EXT4-fs (mmcblk0p1): write access will be enabled during recovery
[    2.772341] EXT4-fs (mmcblk0p1): recovery complete
[    2.790063] EXT4-fs (mmcblk0p1): mounted filesystem with ordered data mode. Opts: (null)
[    2.798427] VFS: Mounted root (ext4 filesystem) readonly on device 179:1.
[    2.823772] devtmpfs: mounted
[    2.828394] Freeing unused kernel memory: 244K
[    2.833088] This architecture does not have kernel memory protection.
[    2.939858] NOHZ: local_softirq_pending 40
[    3.140021] usb 2-1: new high-speed USB device number 2 using musb-hdrc
[    3.299985] usb 2-1: device descriptor read/64, error -71
[    3.570078] usb 2-1: device descriptor read/64, error -71
[    3.840074] usb 2-1: new high-speed USB device number 3 using musb-hdrc
[    4.035520] usb 2-1: no of_node; not parsing pinctrl DT
[    4.037033] hub 2-1:1.0: no of_node; not parsing pinctrl DT
[    4.037269] hub 2-1:1.0: USB hub found
[    4.050993] hub 2-1:1.0: 4 ports detected
[    4.189867] NOHZ: local_softirq_pending 40
[    4.713460] udevd[736]: starting version 3.2
[    4.765878] random: udevd: uninitialized urandom read (16 bytes read)
[    4.773710] random: udevd: uninitialized urandom read (16 bytes read)
[    4.781866] random: udevd: uninitialized urandom read (16 bytes read)
[    4.900046] usb 2-1.3: new high-speed USB device number 4 using musb-hdrc
[    4.977177] udevd[737]: starting eudev-3.2
[    5.060091] usb 2-1.3: no of_node; not parsing pinctrl DT
[    5.381001] cdc_ether 2-1.3:2.0: no of_node; not parsing pinctrl DT
[    5.381646] usbcore: registered new interface driver cdc_ether
[    6.495466] wl1271_sdio mmc1:0001:1: no of_node; not parsing pinctrl DT
[    9.786108] wl12xx_driver wl12xx.2.auto: no of_node; not parsing pinctrl DT
[   10.009097] EXT4-fs (mmcblk0p1): re-mounted. Opts: (null)
[   10.291664] wlcore: WARNING Detected unconfigured mac address in nvs, derive from fuse instead.
[   10.291664] 
[   10.310040] wlcore: WARNING Your device performance is not optimized.
[   10.310040] 
[   10.318069] wlcore: WARNING Please use the calibrator tool to configure your device.
[   10.318069] 
[   10.380353] wlcore: loaded
[   14.791124] urandom_read: 3 callbacks suppressed
[   14.791160] random: dd: uninitialized urandom read (512 bytes read)
[   15.849876] NOHZ: local_softirq_pending 40
[   16.119871] NOHZ: local_softirq_pending 40
[   16.882597] random: dbus-daemon: uninitialized urandom read (12 bytes read)
[   17.023967] random: dbus-daemon: uninitialized urandom read (12 bytes read)
[   17.409885] NOHZ: local_softirq_pending 40
[   17.822682] random: sshd: uninitialized urandom read (32 bytes read)
[   19.799851] NOHZ: local_softirq_pending 40
[   20.179891] NOHZ: local_softirq_pending 40
[   20.779888] NOHZ: local_softirq_pending 40
[   20.799899] NOHZ: local_softirq_pending 40
[   20.939875] NOHZ: local_softirq_pending 40
[   29.432586] wlcore: firmware booted (Rev 6.3.10.0.133)
[   52.165745] i2c_davinci i2c_davinci.1: transfer to own address aborted
[   52.283101] i2c_davinci i2c_davinci.2: transfer to own address aborted
[   64.262791] i2c_davinci i2c_davinci.1: transfer to own address aborted
[   64.561041] i2c_davinci i2c_davinci.2: transfer to own address aborted
